
> temp_app@0.1.0 build
> next build

Γû▓ Next.js 16.2.9 (Turbopack)

  Creating an optimized production build ...
Γ£ô Compiled successfully in 4.7s
  Running TypeScript ...
